--------- beginning of /dev/log/main
D/InputReader(  841): Input event: value=1
I/InputReader(  841): Touch event's action is 0x0 (deviceType=0) [pCnt=1, s=0.390 ] when=78938556652000
I/InputDispatcher(  841): Delivering touch to: action: 0x4, toolType: 1
I/InputDispatcher(  841): Delivering touch to: action: 0x0, toolType: 1
I/InputDispatcher(  841): Delivering touch to: action: 0x0, toolType: 1
D/InputReader(  841): Input event: value=0
I/InputReader(  841): Touch event's action is 0x1 (deviceType=0) [pCnt=1, s=] when=78938604909000
I/InputDispatcher(  841): Delivering touch to: action: 0x1, toolType: 1
I/InputDispatcher(  841): Delivering touch to: action: 0x1, toolType: 1
E/EnterpriseContainerManager(  841): ContainerPolicy Service is not yet ready!!!
D/EnterpriseDeviceManager(  841): ContainerId: 0
--------- beginning of /dev/log/system
D/CustomFrequencyManagerService(  841): acquireDVFSLockLocked : type : DVFS_MIN_LIMIT  frequency : 2265600  uid : 10049  pid : 1230  pkgName : LAUNCHER_APP_BOOSTER_CPU@100
E/EnterpriseContainerManager(  841): ContainerPolicy Service is not yet ready!!!
D/EnterpriseDeviceManager(  841): ContainerId: 0
V/ApplicationPolicy(  841): isApplicationStateBlocked userId 0 pkgname com.shupeifei.www
I/SurfaceFlinger(  271): id=669 createSurf (16x16),-1 flag=20004, EimLayer
I/SurfaceFlinger(  271): id=670 createSurf (16x16),-1 flag=20004, EimLayer
D/CustomFrequencyManagerService(  841): acquireDVFSLockLocked : type : DVFS_MIN_LIMIT  frequency : 1958400  uid : 1000  pid : 841  pkgName : ACTIVITY_RESUME_BOOSTER@6
W/ActivityManager(  841): mDVFSHelper.acquire()
D/StatusBarManagerService(  841): tr p:841,o:f
D/PhoneStatusBar( 7724): setTransGradationMode=false, mTransparentMode=false, mSemiTransparentMode=false, mMultiWindowMode=false
D/PhoneStatusBar( 7724): checkBarMode(2)
D/Launcher( 1230): onPause, Launcher: 1114735072
D/Launcher.HomeView( 1230): onPause
D/Launcher.Workspace( 1230): exitWidgetResizeMode State: NORMAL, newDragStarted: false
D/PhoneStatusBar( 7724): setSemiTransparentMode=false, mTransparentMode=false, mSemiTransparentMode=false, mMultiWindowMode=false
D/PhoneStatusBar( 7724): checkBarMode(2)
V/SmartFaceService - 3rd party pause(  841): onReceive [android.intent.action.ACTIVITY_STATE/com.sec.android.app.launcher/pause]
D/StatusBarManagerService(  841): semi p:1230,o:f
W/ContextImpl( 9327): Implicit intents with startService are not safe: Intent { act=com.sec.android.app.controlpanel.service.REMOTE_SERVICE (has extras) } android.content.ContextWrapper.stopService:511 com.sec.android.widgetapp.activeapplicationwidget.ProgramMonitorProvider.stopWidgetsUpdating:210 com.sec.android.widgetapp.activeapplicationwidget.ProgramMonitorProvider.onReceive:322 
I/SurfaceFlinger(  271): id=671 createSurf (1x1),2 flag=404, xww
D/PointerIcon(  841): setMouseIconStyle1 pointerType: 1001iconType:101 flag:0
D/PointerIcon(  841): setMouseCustomIcon IconType is same.101
D/PointerIcon(  841): setHoveringSpenIconStyle1 pointerType: 10001iconType:1 flag:0
D/PointerIcon(  841): setHoveringSpenCustomIcon IconType is same.1
I/SELinux ( 9807): Function: selinux_android_load_priority [0], There is no sepolicy file.
I/SELinux ( 9807):  
I/SELinux ( 9807): Function: selinux_android_load_priority , priority version is VE=SEPF_SM-N9009_4.4.2_0011
I/SELinux ( 9807):  
I/SELinux ( 9807):  
I/SELinux ( 9807): selinux_android_seapp_context_reload: seapp_contexts file is loaded from /seapp_contexts
D/dalvikvm( 9807): Late-enabling CheckJNI
D/AbsListView( 1230): unregisterIRListener() is called 
D/AbsListView( 1230): unregisterIRListener() is called 
D/AbsListView( 1230): unregisterIRListener() is called 
V/TaskCloserActivity( 9327): TaskCloserActivity onReceive() - com.sec.android.intent.action.HOME_PAUSE
D/AbsListView( 1230): unregisterIRListener() is called 
D/AbsListView( 1230): unregisterIRListener() is called 
D/AbsListView( 1230): unregisterIRListener() is called 
D/AbsListView( 1230): unregisterIRListener() is called 
D/AbsListView( 1230): unregisterIRListener() is called 
D/AbsListView( 1230): unregisterIRListener() is called 
D/AbsListView( 1230): unregisterIRListener() is called 
I/dalvikvm( 9807): Enabling JNI app bug workarounds for target SDK version 9...
D/Launcher( 1230): onStop, Launcher: 1114735072
D/Launcher.HomeView( 1230): onStop
D/AbsListView( 1230): onVisibilityChanged() is called, visibility : 4
D/AbsListView( 1230): unregisterIRListener() is called 
D/AbsListView( 1230): onVisibilityChanged() is called, visibility : 4
D/AbsListView( 1230): unregisterIRListener() is called 
D/AbsListView( 1230): onVisibilityChanged() is called, visibility : 4
D/AbsListView( 1230): unregisterIRListener() is called 
D/AbsListView( 1230): onVisibilityChanged() is called, visibility : 4
D/AbsListView( 1230): unregisterIRListener() is called 
D/AbsListView( 1230): onVisibilityChanged() is called, visibility : 4
D/AbsListView( 1230): unregisterIRListener() is called 
D/AbsListView( 1230): onVisibilityChanged() is called, visibility : 4
D/AbsListView( 1230): unregisterIRListener() is called 
D/AbsListView( 1230): onVisibilityChanged() is called, visibility : 4
D/AbsListView( 1230): unregisterIRListener() is called 
D/AbsListView( 1230): onVisibilityChanged() is called, visibility : 4
D/AbsListView( 1230): unregisterIRListener() is called 
D/AbsListView( 1230): onVisibilityChanged() is called, visibility : 4
D/AbsListView( 1230): unregisterIRListener() is called 
D/AbsListView( 1230): onVisibilityChanged() is called, visibility : 4
D/AbsListView( 1230): unregisterIRListener() is called 
D/SurfaceWidgetClient$ISurfaceWidgetStub( 1788): [123491/16] Surface widget visibility changed visibility = false on instance = 1
D/SurfaceWidgetView( 1230): destroyHardwareResources():1131497832
D/PhoneStatusBar( 7724): Status bar WINDOW_STATE_HIDING
D/EnterpriseDeviceManager(  841): ContainerId: 0
D/STATUSBAR-StatusBarManagerService(  841): manageDisableList what=0x0 pkg=WindowManager.LayoutParams
W/ContextImpl(  841): Calling a method in the system process without a qualified user: android.app.ContextImpl.sendBroadcast:1492 com.android.internal.policy.impl.PhoneWindowManager.notifyToSSRM:5864 com.android.internal.policy.impl.PhoneWindowManager.access$200:183 com.android.internal.policy.impl.PhoneWindowManager$PolicyHandler.handleMessage:727 android.os.Handler.dispatchMessage:102 
D/Launcher( 1230): onTrimMemory. Level: 20
D/PhoneStatusBar( 7724): checkBarMode(0)
V/PhoneStatusBar( 7724): setLightsOn(true)
V/SmartFaceService - 3rd party pause(  841): onReceive [android.intent.action.ACTIVITY_STATE/com.shupeifei.www/create]
D/SSRMv2:AirViewOnOff(  841): DeviceInfo:: 00000010000
D/SSRMv2:AirViewOnOff(  841): SettingsAirViewInfo:: 010100000
D/SurfaceWidgetView( 1230): destroyHardwareResources():1131497832
D/Cocos2dxActivity( 9807): model=SM-N9009
D/Cocos2dxActivity( 9807): product=h3gduosctc
D/Cocos2dxActivity( 9807): isEmulator=false
D/dalvikvm( 9807): Trying to load lib /data/app-lib/com.shupeifei.www-1/libcocos2dcpp.so 0x4268e750
D/StatusBarManagerService(  841): tr p:9807,o:f
D/dalvikvm( 9807): Added shared lib /data/app-lib/com.shupeifei.www-1/libcocos2dcpp.so 0x4268e750
D/JniHelper( 9807): JniHelper::setJavaVM(0x415ea5d8), pthread_self() = 1073926484
D/PhoneStatusBar( 7724): setTransGradationMode=false, mTransparentMode=false, mSemiTransparentMode=false, mMultiWindowMode=false
D/PhoneStatusBar( 7724): checkBarMode(0)
D/StatusBarManagerService(  841): semi p:9807,o:f
D/PhoneStatusBar( 7724): setSemiTransparentMode=false, mTransparentMode=false, mSemiTransparentMode=false, mMultiWindowMode=false
D/PhoneStatusBar( 7724): checkBarMode(0)
I/SurfaceFlinger(  271): id=672 createSurf (1080x1920),1 flag=4, BppActivity
I/SpenGestureManager(  841): setFocusWindow21060
D/PointerIcon(  841): setMouseIconStyle1 pointerType: 1001iconType:101 flag:0
D/PointerIcon(  841): setMouseCustomIcon IconType is same.101
D/PointerIcon(  841): setHoveringSpenIconStyle1 pointerType: 10001iconType:1 flag:0
D/PointerIcon(  841): setHoveringSpenCustomIcon IconType is same.1
I/SurfaceFlinger(  271): id=673 createSurf (1080x1920),4 flag=404, TurfaceView
I/Adreno-EGL( 9807): <qeglDrvAPI_eglInitialize:410>: EGL 1.4 QUALCOMM build:  ()
I/Adreno-EGL( 9807): OpenGL ES Shader Compiler Version: E031.24.00.08
I/Adreno-EGL( 9807): Build Date: 02/12/14 Wed
I/Adreno-EGL( 9807): Local Branch: AU200_patches_memleakPatch_libsc
I/Adreno-EGL( 9807): Remote Branch: 
I/Adreno-EGL( 9807): Local Patches: 
I/Adreno-EGL( 9807): Reconstruct Branch: 
E/EnterpriseContainerManager(  841): ContainerPolicy Service is not yet ready!!!
D/EnterpriseDeviceManager(  841): ContainerId: 0
W/LicenseLogService(  841): log() failed
D/SamsungIME( 4930): onStartInput  ccontentType: 0 Restarting:false
W/ContextImpl(  841): Calling a method in the system process without a qualified user: android.app.ContextImpl.sendBroadcast:1492 com.android.server.InputMethodManagerService$4.run:2804 java.lang.Thread.run:841 <bottom of call stack> <bottom of call stack> 
D/cocos2d-x debug info( 9807): 
D/cocos2d-x debug info( 9807): {
D/cocos2d-x debug info( 9807): 	gl.supports_vertex_array_object: true
D/cocos2d-x debug info( 9807): 	gl.supports_BGRA8888: false
D/cocos2d-x debug info( 9807): 	gl.supports_ATITC: true
D/cocos2d-x debug info( 9807): 	gl.supports_S3TC: false
D/cocos2d-x debug info( 9807): 	cocos2d.x.version: cocos2d-x 3.0
D/cocos2d-x debug info( 9807): 	gl.supports_discard_framebuffer: true
D/cocos2d-x debug info( 9807): 	cocos2d.x.compiled_with_profiler: false
D/cocos2d-x debug info( 9807): 	gl.supports_PVRTC: false
D/cocos2d-x debug info( 9807): 	cocos2d.x.build_type: DEBUG
D/cocos2d-x debug info( 9807): 	gl.renderer: Adreno (TM) 330
D/cocos2d-x debug info( 9807): 	gl.supports_ETC1: true
D/cocos2d-x debug info( 9807): 	cocos2d.x.compiled_with_gl_state_cache: true
D/cocos2d-x debug info( 9807): 	gl.version: OpenGL ES 3.0 V@66.0 AU@  (CL@)
D/cocos2d-x debug info( 9807): 	gl.supports_NPOT: true
D/cocos2d-x debug info( 9807): 	gl.max_texture_units: 32
D/cocos2d-x debug info( 9807): 	gl.vendor: Qualcomm
D/cocos2d-x debug info( 9807): 	gl.max_texture_size: 4096
D/cocos2d-x debug info( 9807): }
D/cocos2d-x debug info( 9807): 
D/cocos2d-x debug info( 9807): 
E/SMD     (  262): DCD ON
D/main    ( 9807): cocos_android_app_init
D/CCFileUtilsAndroid.cpp( 9807): relative path = image/background/loginScene.png
D/CustomFrequencyManagerService(  841): releaseDVFSLockLocked : Getting Lock type frm List : DVFS_MIN_LIMIT  frequency : 1958400  uid : 1000  pid : 841  tag : ACTIVITY_RESUME_BOOSTER@6
D/CustomFrequencyManagerService(  841): acquireDVFSLockLocked : type : DVFS_MIN_LIMIT  frequency : 1958400  uid : 1000  pid : 841  pkgName : ACTIVITY_RESUME_BOOSTER@9
I/SurfaceFlinger(  271): id=667 Removed Mauncher (14/24)
I/SurfaceFlinger(  271): id=667 Removed Mauncher (-2/24)
W/ActivityManager(  841): mDVFSHelper.release()
D/CCFileUtilsAndroid.cpp( 9807): relative path = image/buttons/wechatLoginButtonNormal.png
D/CCFileUtilsAndroid.cpp( 9807): relative path = image/buttons/wechatLoginButtonPressed.png
I/SurfaceFlinger(  271): id=671 Removed xww (19/23)
I/SurfaceFlinger(  271): id=671 Removed xww (-2/23)
D/CCFileUtilsAndroid.cpp( 9807): relative path = image/buttons/qqLoginButtonNormal.png
D/CCFileUtilsAndroid.cpp( 9807): relative path = image/buttons/qqLoginButtonPressed.png
D/CCFileUtilsAndroid.cpp( 9807): relative path = image/buttons/loadingButton.png
D/CCFileUtilsAndroid.cpp( 9807): relative path = image/buttons/loadingText.png
D/CustomFrequencyManagerService(  841): releaseDVFSLockLocked : Getting Lock type frm List : DVFS_MIN_LIMIT  frequency : 2265600  uid : 10049  pid : 1230  tag : LAUNCHER_APP_BOOSTER_CPU@100
D/CustomFrequencyManagerService(  841): FrequencyrequestList.getNextMaxCPUCoreRequest, index: 0
D/PhoneStatusBar( 7724): Status bar WINDOW_STATE_HIDDEN
D/CustomFrequencyManagerService(  841): releaseDVFSLockLocked : Getting Lock type frm List : DVFS_MIN_LIMIT  frequency : 1958400  uid : 1000  pid : 841  tag : ACTIVITY_RESUME_BOOSTER@9
D/AmoledAdjustTimer(  841): prevTemp = 313, currTemp = 313, prevStep = 5, currStep = 5
E/SMD     (  262): DCD ON
D/InputReader(  841): Input event: value=1
I/InputReader(  841): Touch event's action is 0x0 (deviceType=0) [pCnt=1, s=0.391 ] when=78942011621000
I/InputDispatcher(  841): Delivering touch to: action: 0x0, toolType: 1
D/InputReader(  841): Input event: value=0
I/InputReader(  841): Touch event's action is 0x1 (deviceType=0) [pCnt=1, s=] when=78942071242000
I/InputDispatcher(  841): Delivering touch to: action: 0x1, toolType: 1
D/CCFileUtilsAndroid.cpp( 9807): relative path = image/buttons/actorButtonNormal.png
D/CCFileUtilsAndroid.cpp( 9807): relative path = image/buttons/actorButtonPressed.png
D/CCFileUtilsAndroid.cpp( 9807): relative path = image/buttons/playButtonNormal.png
D/CCFileUtilsAndroid.cpp( 9807): relative path = image/buttons/playButtonPressed.png
D/CCFileUtilsAndroid.cpp( 9807): relative path = image/buttons/settingButtonNormal.png
D/CCFileUtilsAndroid.cpp( 9807): relative path = image/buttons/settingButtonPressed.png
D/InputReader(  841): Input event: value=1
I/InputReader(  841): Touch event's action is 0x0 (deviceType=0) [pCnt=1, s=0.392 ] when=78944832379000
I/InputDispatcher(  841): Delivering touch to: action: 0x0, toolType: 1
D/BatteryService(  841): level:100, scale:100, status:5, health:2, present:true, voltage: 4301, temperature: 313, technology: Li-ion, AC powered:false, USB powered:true, Wireless powered:false, icon:17303523, invalid charger:0, online:4, current avg:450, charge type:1, power sharing:false
D/BatteryService(  841): Sending ACTION_BATTERY_CHANGED.
D/UiModeManager(  841): mCoverManager.getCoverState() : true
D/KeyguardUpdateMonitor( 7724): received broadcast android.intent.action.BATTERY_CHANGED
D/KeyguardUpdateMonitor( 7724): handleBatteryUpdate
D/STATUSBAR-PhoneStatusBar( 7724):  mBrightnessEnablebySettings = true mBrightnessEnablebyBattery = true mBrightnessEnablebyDisableFlag = true
D/BatteryMeterView( 7724): ACTION_BATTERY_CHANGED : level:100 status:5 health:2
D/InputReader(  841): Input event: value=0
I/InputReader(  841): Touch event's action is 0x1 (deviceType=0) [pCnt=1, s=] when=78944903557000
I/InputDispatcher(  841): Delivering touch to: action: 0x1, toolType: 1
D/CCFileUtilsAndroid.cpp( 9807): relative path = image/background/actorSelectScene.png
E/SMD     (  262): DCD ON
D/SSRMv2:SIOP(  841): SIOP:: AP = 380, Delta = 20
D/CCFileUtilsAndroid.cpp( 9807): relative path = image/buttons/lastButtonNormal.png
D/CCFileUtilsAndroid.cpp( 9807): relative path = image/buttons/lastButtonPressed.png
D/CCFileUtilsAndroid.cpp( 9807): relative path = image/buttons/nextButtonNormal.png
D/CCFileUtilsAndroid.cpp( 9807): relative path = image/buttons/nextButtonPressed.png
D/CCFileUtilsAndroid.cpp( 9807): relative path = image/buttons/selectButtonNormal.png
D/CCFileUtilsAndroid.cpp( 9807): relative path = image/buttons/selectButtonPressed.png
D/CCFileUtilsAndroid.cpp( 9807): relative path = image/spaceman/actor1.png
E/Watchdog(  841): !@Sync 2630
D/InputReader(  841): Input event: value=1
I/InputReader(  841): Touch event's action is 0x0 (deviceType=0) [pCnt=1, s=0.393 ] when=78946262070000
I/InputDispatcher(  841): Delivering touch to: action: 0x0, toolType: 1
D/PowerManagerService(  841): [api] userActivityFromNative : 100 (event: 2 flags: 0)
D/InputReader(  841): Input event: value=0
I/InputReader(  841): Touch event's action is 0x1 (deviceType=0) [pCnt=1, s=] when=78946344817000
I/InputDispatcher(  841): Delivering touch to: action: 0x1, toolType: 1
F/libc    ( 9807): Fatal signal 11 (SIGSEGV) at 0x00000000 (code=1), thread 9821 (Thread-4165)
I/DEBUG   (  260): *** *** *** *** *** *** *** *** *** *** *** *** *** *** *** ***
I/DEBUG   (  260): Build fingerprint: 'samsung/h3gduosctc/hlte:4.4.2/KOT49H/N9009KEU2ENF1:user/release-keys'
I/DEBUG   (  260): Revision: '8'
I/DEBUG   (  260): pid: 9807, tid: 9821, name: Thread-4165  >>> com.shupeifei.www <<<
I/DEBUG   (  260): signal 11 (SIGSEGV), code 1 (SEGV_MAPERR), fault addr 00000000
I/DEBUG   (  260):     r0 79508ec0  r1 76ba09fc  r2 79508ec0  r3 00000000
I/DEBUG   (  260):     r4 77373b80  r5 72bee170  r6 00000000  r7 7288ef44
I/DEBUG   (  260):     r8 76ba0b10  r9 7288ef3c  sl 72bee180  fp 76ba0a1c
I/DEBUG   (  260):     ip 00000006  sp 76ba0a10  lr 76f61e84  pc 00000000  cpsr 800f0010
I/DEBUG   (  260):     d0  0000000000000000  d1  0000000000000000
I/DEBUG   (  260):     d2  0000000000000000  d3  0000000000000000
I/DEBUG   (  260):     d4  fe8000003f000001  d5  000122e800000000
I/DEBUG   (  260):     d6  0000000000000000  d7  00000000000022ec
I/DEBUG   (  260):     d8  0000000000000000  d9  0000000000000000
I/DEBUG   (  260):     d10 0000000000000000  d11 0000000000000000
I/DEBUG   (  260):     d12 0000000000000000  d13 0000000000000000
I/DEBUG   (  260):     d14 0000000000000000  d15 0000000000000000
I/DEBUG   (  260):     d16 4407000044070000  d17 44700000c4700000
I/DEBUG   (  260):     d18 3efffee03efffee0  d19 0000043800000000
I/DEBUG   (  260):     d20 0000078000000000  d21 0000043800000000
I/DEBUG   (  260):     d22 0000078000000000  d23 0000043800000000
I/DEBUG   (  260):     d24 3f812733d1434f77  d25 bf56bfac8f086ef8
I/DEBUG   (  260):     d26 bfc5530bd67dae6c  d27 3f811110896efbb2
I/DEBUG   (  260):     d28 3f1263ae29f301be  d29 3ef99342e0ee5069
I/DEBUG   (  260):     d30 bf2a003650d42168  d31 3f812733d1434f77
I/DEBUG   (  260):     scr 60000012
I/DEBUG   (  260): 
I/DEBUG   (  260): backtrace:
I/DEBUG   (  260):     #00  pc 00000000  <unknown>
I/DEBUG   (  260):     #01  pc 003c0e80  /data/app-lib/com.shupeifei.www-1/libcocos2dcpp.so (cocos2d::TransitionScene::onEnter()+116)
I/DEBUG   (  260):     #02  pc 003c2770  /data/app-lib/com.shupeifei.www-1/libcocos2dcpp.so (cocos2d::TransitionSlideInL::onEnter()+48)
I/DEBUG   (  260):     #03  pc 002cdce8  /data/app-lib/com.shupeifei.www-1/libcocos2dcpp.so (cocos2d::Director::setNextScene()+504)
I/DEBUG   (  260):     #04  pc 002cbe30  /data/app-lib/com.shupeifei.www-1/libcocos2dcpp.so (cocos2d::Director::drawScene()+216)
I/DEBUG   (  260):     #05  pc 002ced48  /data/app-lib/com.shupeifei.www-1/libcocos2dcpp.so (cocos2d::DisplayLinkDirector::mainLoop()+92)
I/DEBUG   (  260):     #06  pc 0058d724  /data/app-lib/com.shupeifei.www-1/libcocos2dcpp.so (Java_org_cocos2dx_lib_Cocos2dxRenderer_nativeRender+40)
I/DEBUG   (  260):     #07  pc 00020b8c  /system/lib/libdvm.so (dvmPlatformInvoke+112)
I/DEBUG   (  260):     #08  pc 000518e7  /system/lib/libdvm.so (dvmCallJNIMethod(unsigned int const*, JValue*, Method const*, Thread*)+398)
I/DEBUG   (  260):     #09  pc 0002a020  /system/lib/libdvm.so
I/DEBUG   (  260):     #10  pc 000314d0  /system/lib/libdvm.so (dvmMterpStd(Thread*)+76)
I/DEBUG   (  260):     #11  pc 0002eb68  /system/lib/libdvm.so (dvmInterpret(Thread*, Method const*, JValue*)+184)
I/DEBUG   (  260):     #12  pc 00063e35  /system/lib/libdvm.so (dvmCallMethodV(Thread*, Method const*, Object*, bool, JValue*, std::__va_list)+336)
I/DEBUG   (  260):     #13  pc 00063e59  /system/lib/libdvm.so (dvmCallMethod(Thread*, Method const*, Object*, JValue*, ...)+20)
I/DEBUG   (  260):     #14  pc 00058b2b  /system/lib/libdvm.so
I/DEBUG   (  260):     #15  pc 0000d298  /system/lib/libc.so (__thread_entry+72)
I/DEBUG   (  260):     #16  pc 0000d430  /system/lib/libc.so (pthread_create+240)
I/DEBUG   (  260): 
I/DEBUG   (  260): stack:
I/DEBUG   (  260):          76ba09d0  00000000  
I/DEBUG   (  260):          76ba09d4  76ba09ec  [stack:9821]
I/DEBUG   (  260):          76ba09d8  76ba09fc  [stack:9821]
I/DEBUG   (  260):          76ba09dc  76ba09f8  [stack:9821]
I/DEBUG   (  260):          76ba09e0  79503ad4  
I/DEBUG   (  260):          76ba09e4  77373b80  /data/app-lib/com.shupeifei.www-1/libcocos2dcpp.so
I/DEBUG   (  260):          76ba09e8  76ba0a0c  [stack:9821]
I/DEBUG   (  260):          76ba09ec  76ee9ad4  /data/app-lib/com.shupeifei.www-1/libcocos2dcpp.so (cocos2d::Node::onExitTransitionDidStart()+192)
I/DEBUG   (  260):          76ba09f0  76ba0a04  [stack:9821]
I/DEBUG   (  260):          76ba09f4  79506be0  
I/DEBUG   (  260):          76ba09f8  794cd1fc  
I/DEBUG   (  260):          76ba09fc  794cd1fc  
I/DEBUG   (  260):          76ba0a00  79506d4c  
I/DEBUG   (  260):          76ba0a04  794cd1f8  
I/DEBUG   (  260):          76ba0a08  76ba0a1c  [stack:9821]
I/DEBUG   (  260):          76ba0a0c  76f61e60  /data/app-lib/com.shupeifei.www-1/libcocos2dcpp.so (cocos2d::TransitionScene::onEnter()+84)
I/DEBUG   (  260):     #00  76ba0a10  00000006  
I/DEBUG   (  260):          ........  ........
I/DEBUG   (  260):     #01  76ba0a10  00000006  
I/DEBUG   (  260):          76ba0a14  79474510  
I/DEBUG   (  260):          76ba0a18  76ba0a7c  [stack:9821]
I/DEBUG   (  260):          76ba0a1c  76f63774  /data/app-lib/com.shupeifei.www-1/libcocos2dcpp.so (cocos2d::TransitionSlideInL::onEnter()+52)
I/DEBUG   (  260):     #02  76ba0a20  00000000  
I/DEBUG   (  260):          76ba0a24  79474510  
I/DEBUG   (  260):          76ba0a28  77367dc8  /data/app-lib/com.shupeifei.www-1/libcocos2dcpp.so
I/DEBUG   (  260):          76ba0a2c  7736d780  /data/app-lib/com.shupeifei.www-1/libcocos2dcpp.so
I/DEBUG   (  260):          76ba0a30  7288ef3c  
I/DEBUG   (  260):          76ba0a34  72bee180  
I/DEBUG   (  260):          76ba0a38  76ba0a9c  [stack:9821]
I/DEBUG   (  260):          76ba0a3c  77247a94  /data/app-lib/com.shupeifei.www-1/libcocos2dcpp.so (__dynamic_cast+108)
I/DEBUG   (  260):          76ba0a40  79474510  
I/DEBUG   (  260):          76ba0a44  77367dc8  /data/app-lib/com.shupeifei.www-1/libcocos2dcpp.so
I/DEBUG   (  260):          76ba0a48  79474510  
I/DEBUG   (  260):          76ba0a4c  76ba0a54  [stack:9821]
I/DEBUG   (  260):          76ba0a50  00000000  
I/DEBUG   (  260):          76ba0a54  79474510  
I/DEBUG   (  260):          76ba0a58  00000006  
I/DEBUG   (  260):          76ba0a5c  00000000  
I/DEBUG   (  260):          ........  ........
I/DEBUG   (  260): 
I/DEBUG   (  260): memory near r0:
I/DEBUG   (  260):     79508ea0 00000202 0000001b 794f6590 7947aad8  
I/DEBUG   (  260):     79508eb0 794f6518 0000017f 00000018 000001d1  
I/DEBUG   (  260):     79508ec0 79508eb8 79508eb9 00000000 00000000  
I/DEBUG   (  260):     79508ed0 400932c4 00000001 440c4000 44b2a000  
I/DEBUG   (  260):     79508ee0 3f800000 3ce0e0e2 40e00000 40e00000  
I/DEBUG   (  260):     79508ef0 40e00000 40e00000 43260000 40e00000  
I/DEBUG   (  260):     79508f00 40e00000 40e00000 bf800000 bf800000  
I/DEBUG   (  260):     79508f10 bf800000 00000060 7287d72c 4037a049  
I/DEBUG   (  260):     79508f20 00000000 79476748 010000ff 007f0000  
I/DEBUG   (  260):     79508f30 440c4000 44b2a000 3f800000 3cb0b0b1  
I/DEBUG   (  260):     79508f40 40c00000 40a00000 41000000 41000000  
I/DEBUG   (  260):     79508f50 43260000 41000000 40c00000 40a00000  
I/DEBUG   (  260):     79508f60 c2a40000 bf800000 bf800000 bf800000  
I/DEBUG   (  260):     79508f70 00000000 7287d72c 00000000 400cd885  
I/DEBUG   (  260):     79508f80 010000ff 007f0000 440c4000 44b2a000  
I/DEBUG   (  260):     79508f90 3f800000 3cb0b0b1 40c00000 40a00000  
I/DEBUG   (  260): 
I/DEBUG   (  260): memory near r1:
I/DEBUG   (  260):     76ba09dc 76ba09f8 79503ad4 77373b80 76ba0a0c  
I/DEBUG   (  260):     76ba09ec 76ee9ad4 76ba0a04 79506be0 794cd1fc  
I/DEBUG   (  260):     76ba09fc 794cd1fc 79506d4c 794cd1f8 76ba0a1c  
I/DEBUG   (  260):     76ba0a0c 76f61e60 00000006 79474510 76ba0a7c  
I/DEBUG   (  260):     76ba0a1c 76f63774 00000000 79474510 77367dc8  
I/DEBUG   (  260):     76ba0a2c 7736d780 7288ef3c 72bee180 76ba0a9c  
I/DEBUG   (  260):     76ba0a3c 77247a94 79474510 77367dc8 79474510  
I/DEBUG   (  260):     76ba0a4c 76ba0a54 00000000 79474510 00000006  
I/DEBUG   (  260):     76ba0a5c 00000000 00000006 00000000 77373b80  
I/DEBUG   (  260):     76ba0a6c 35e43c8b 77373b80 72bee170 76ba0a9c  
I/DEBUG   (  260):     76ba0a7c 76e6ecec 7288ef44 72864728 7288ef3c  
I/DEBUG   (  260):     76ba0a8c 0100e180 76ba0aec 6d994380 76ba0aec  
I/DEBUG   (  260):     76ba0a9c 76e6ce34 00000002 72864728 794ce21c  
I/DEBUG   (  260):     76ba0aac 794ce22c 426e29d0 6d994428 72bee170  
I/DEBUG   (  260):     76ba0abc 00000000 76ba0ae4 76f80fb4 fffffe60  
I/DEBUG   (  260):     76ba0acc 426c9004 426c9000 725a6b48 416bcc1c  
I/DEBUG   (  260): 
I/DEBUG   (  260): memory near r2:
I/DEBUG   (  260):     79508ea0 00000202 0000001b 794f6590 7947aad8  
I/DEBUG   (  260):     79508eb0 794f6518 0000017f 00000018 000001d1  
I/DEBUG   (  260):     79508ec0 79508eb8 79508eb9 00000000 00000000  
I/DEBUG   (  260):     79508ed0 400932c4 00000001 440c4000 44b2a000  
I/DEBUG   (  260):     79508ee0 3f800000 3ce0e0e2 40e00000 40e00000  
I/DEBUG   (  260):     79508ef0 40e00000 40e00000 43260000 40e00000  
I/DEBUG   (  260):     79508f00 40e00000 40e00000 bf800000 bf800000  
I/DEBUG   (  260):     79508f10 bf800000 00000060 7287d72c 4037a049  
I/DEBUG   (  260):     79508f20 00000000 79476748 010000ff 007f0000  
I/DEBUG   (  260):     79508f30 440c4000 44b2a000 3f800000 3cb0b0b1  
I/DEBUG   (  260):     79508f40 40c00000 40a00000 41000000 41000000  
I/DEBUG   (  260):     79508f50 43260000 41000000 40c00000 40a00000  
I/DEBUG   (  260):     79508f60 c2a40000 bf800000 bf800000 bf800000  
I/DEBUG   (  260):     79508f70 00000000 7287d72c 00000000 400cd885  
I/DEBUG   (  260):     79508f80 010000ff 007f0000 440c4000 44b2a000  
I/DEBUG   (  260):     79508f90 3f800000 3cb0b0b1 40c00000 40a00000  
I/DEBUG   (  260): 
I/DEBUG   (  260): memory near r4:
I/DEBUG   (  260):     77373b60 77304a08 7729e924 7729e92c 7729e934  
I/DEBUG   (  260):     77373b70 40054259 773576f8 77331f18 77248624  
I/DEBUG   (  260):     77373b80 00000000 00000000 00000000 4006db1d  
I/DEBUG   (  260):     77373b90 4006dc11 400406f9 40067340 400570bd  
I/DEBUG   (  260):     77373ba0 40052d15 40052d29 4006d9ad 400b6ff0  
I/DEBUG   (  260):     77373bb0 400b15d0 400ade68 400a6368 400a73d0  
I/DEBUG   (  260):     77373bc0 400a7aa0 400676b9 400a6378 40061a0d  
I/DEBUG   (  260):     77373bd0 400b47f8 400ad410 400a89f8 400a9038  
I/DEBUG   (  260):     77373be0 40066d34 40052d3d 4006de9f 40061b81  
I/DEBUG   (  260):     77373bf0 40052d51 4035c510 4035c600 4035c680  
I/DEBUG   (  260):     77373c00 4035c364 4035c4d0 4035c814 4035c4a8  
I/DEBUG   (  260):     77373c10 4035c2d8 4035c7ec 4035c83c 4035c314  
I/DEBUG   (  260):     77373c20 4035dd34 40070729 4035c154 4035c140  
I/DEBUG   (  260):     77373c30 40065fdc 4035c168 4035c2c4 4006b5df  
I/DEBUG   (  260):     77373c40 4035cb20 4035c33c 4035c24c 4035c3f0  
I/DEBUG   (  260):     77373c50 4035c04c 4035c100 4035c378 40067191  
I/DEBUG   (  260): 
I/DEBUG   (  260): memory near r5:
I/DEBUG   (  260):     72bee150 00000000 00000000 00000000 00000000  
I/DEBUG   (  260):     72bee160 00000000 00000000 00000000 00000463  
I/DEBUG   (  260):     72bee170 6f5a6dc8 7288ef3c 6d994708 72856000  
I/DEBUG   (  260):     72bee180 426caae0 76ba0ae0 76ba0c40 00000000  
I/DEBUG   (  260):     72bee190 76ba0c94 0000000b 00000000 41616d00  
I/DEBUG   (  260):     72bee1a0 00000000 00000000 6c964370 7288b300  
I/DEBUG   (  260):     72bee1b0 00000000 00000000 00000001 00004000  
I/DEBUG   (  260):     72bee1c0 00000000 729a0008 41616d00 4161bc40  
I/DEBUG   (  260):     72bee1d0 00000000 4161fd3c 4161fdb0 4161fc60  
I/DEBUG   (  260):     72bee1e0 4161fc80 4161fcdc 00000000 00000000  
I/DEBUG   (  260):     72bee1f0 7884dfc8 00000028 00000000 00000000  
I/DEBUG   (  260):     72bee200 00000000 00000006 00001ee2 416c34dc  
I/DEBUG   (  260):     72bee210 41742ee0 6d62d430 00000001 729a0250  
I/DEBUG   (  260):     72bee220 00000001 00000040 00000200 00000000  
I/DEBUG   (  260):     72bee230 00000004 6f5a6dc8 6f5a6dc8 00000008  
I/DEBUG   (  260):     72bee240 6f5a6df8 6d9952f8 00000000 00000000  
I/DEBUG   (  260): 
I/DEBUG   (  260): memory near r7:
I/DEBUG   (  260):     7288ef24 00000000 7288ef50 72871410 6d994380  
I/DEBUG   (  260):     7288ef34 00000000 00000000 7288ef6c 6f5a72d8  
I/DEBUG   (  260):     7288ef44 6d994708 72871410 00000000 426caae0  
I/DEBUG   (  260):     7288ef54 426ddac0 7288efdc 6f5a7940 6d9952f8  
I/DEBUG   (  260):     7288ef64 6f5a72d8 00000000 426caae0 426cb1f8  
I/DEBUG   (  260):     7288ef74 00000000 00000000 00000000 00000000  
I/DEBUG   (  260):     7288ef84 00000000 00000000 426ddac0 00000780  
I/DEBUG   (  260):     7288ef94 00000000 00000000 426cb850 00000000  
I/DEBUG   (  260):     7288efa4 00003000 6d5a6f98 426c90c8 00000438  
I/DEBUG   (  260):     7288efb4 00000000 426caae0 426c9000 00000000  
I/DEBUG   (  260):     7288efc4 426cb1f8 7288f000 00000000 6d9955d8  
I/DEBUG   (  260):     7288efd4 6f5a7940 00000000 426cb850 00001045  
I/DEBUG   (  260):     7288efe4 00000000 426cb1f8 00000000 00000000  
I/DEBUG   (  260):     7288eff4 00000000 00000000 00000000 464c457f  
I/DEBUG   (  260):     7288f004 00010101 00000000 00000000 00280003  
I/DEBUG   (  260):     7288f014 00000001 00000000 00000034 000021e0  
I/DEBUG   (  260): 
I/DEBUG   (  260): memory near r8:
I/DEBUG   (  260):     76ba0af0 6f5a72d8 72864728 76ba0b0c 7712e728  
I/DEBUG   (  260):     76ba0b00 416bcc1c 725949f0 76ba0b24 41616b90  
I/DEBUG   (  260):     76ba0b10 7288ef3c 00000001 00000008 426ca7b8  
I/DEBUG   (  260):     76ba0b20 426cb1f8 416478eb 7288ef3c 72875441  
I/DEBUG   (  260):     76ba0b30 7712e6fc 72bee180 416c3288 72bee170  
I/DEBUG   (  260):     76ba0b40 426ca7b8 00000000 72bee198 40093394  
I/DEBUG   (  260):     76ba0b50 72bee170 79507c90 00000000 00000008  
I/DEBUG   (  260):     76ba0b60 416bcc1c 416735a5 6f5a6cd4 6f5a6cda  
I/DEBUG   (  260):     76ba0b70 0000002a 6d62d430 00000013 00000010  
I/DEBUG   (  260):     76ba0b80 76ba0bf4 6d62d430 00000088 0000da86  
I/DEBUG   (  260):     76ba0b90 0000000d 00000001 00000000 00000000  
I/DEBUG   (  260):     76ba0ba0 00000038 00000001 00000000 41665747  
I/DEBUG   (  260):     76ba0bb0 00000072 00000005 00000000 72876af4  
I/DEBUG   (  260):     76ba0bc0 00000000 72856000 00000002 40093394  
I/DEBUG   (  260):     76ba0bd0 7286c5ac 41665c47 76ba0bf4 72876af4  
I/DEBUG   (  260):     76ba0be0 76ba0bf4 35e43c8b 0000000a 426c9004  
I/DEBUG   (  260): 
I/DEBUG   (  260): memory near r9:
I/DEBUG   (  260):     7288ef1c 00000000 426caae0 00000000 7288ef50  
I/DEBUG   (  260):     7288ef2c 72871410 6d994380 00000000 00000000  
I/DEBUG   (  260):     7288ef3c 7288ef6c 6f5a72d8 6d994708 72871410  
I/DEBUG   (  260):     7288ef4c 00000000 426caae0 426ddac0 7288efdc  
I/DEBUG   (  260):     7288ef5c 6f5a7940 6d9952f8 6f5a72d8 00000000  
I/DEBUG   (  260):     7288ef6c 426caae0 426cb1f8 00000000 00000000  
I/DEBUG   (  260):     7288ef7c 00000000 00000000 00000000 00000000  
I/DEBUG   (  260):     7288ef8c 426ddac0 00000780 00000000 00000000  
I/DEBUG   (  260):     7288ef9c 426cb850 00000000 00003000 6d5a6f98  
I/DEBUG   (  260):     7288efac 426c90c8 00000438 00000000 426caae0  
I/DEBUG   (  260):     7288efbc 426c9000 00000000 426cb1f8 7288f000  
I/DEBUG   (  260):     7288efcc 00000000 6d9955d8 6f5a7940 00000000  
I/DEBUG   (  260):     7288efdc 426cb850 00001045 00000000 426cb1f8  
I/DEBUG   (  260):     7288efec 00000000 00000000 00000000 00000000  
I/DEBUG   (  260):     7288effc 00000000 464c457f 00010101 00000000  
I/DEBUG   (  260):     7288f00c 00000000 00280003 00000001 00000000  
I/DEBUG   (  260): 
I/DEBUG   (  260): memory near sl:
I/DEBUG   (  260):     72bee160 00000000 00000000 00000000 00000463  
I/DEBUG   (  260):     72bee170 6f5a6dc8 7288ef3c 6d994708 72856000  
I/DEBUG   (  260):     72bee180 426caae0 76ba0ae0 76ba0c40 00000000  
I/DEBUG   (  260):     72bee190 76ba0c94 0000000b 00000000 41616d00  
I/DEBUG   (  260):     72bee1a0 00000000 00000000 6c964370 7288b300  
I/DEBUG   (  260):     72bee1b0 00000000 00000000 00000001 00004000  
I/DEBUG   (  260):     72bee1c0 00000000 729a0008 41616d00 4161bc40  
I/DEBUG   (  260):     72bee1d0 00000000 4161fd3c 4161fdb0 4161fc60  
I/DEBUG   (  260):     72bee1e0 4161fc80 4161fcdc 00000000 00000000  
I/DEBUG   (  260):     72bee1f0 7884dfc8 00000028 00000000 00000000  
I/DEBUG   (  260):     72bee200 00000000 00000006 00001ee2 416c34dc  
I/DEBUG   (  260):     72bee210 41742ee0 6d62d430 00000001 729a0250  
I/DEBUG   (  260):     72bee220 00000001 00000040 00000200 00000000  
I/DEBUG   (  260):     72bee230 00000004 6f5a6dc8 6f5a6dc8 00000008  
I/DEBUG   (  260):     72bee240 6f5a6df8 6d9952f8 00000000 00000000  
I/DEBUG   (  260):     72bee250 00000000 00000000 00000000 00000000  
I/DEBUG   (  260): 
I/DEBUG   (  260): memory near fp:
I/DEBUG   (  260):     76ba09fc 794cd1fc 79506d4c 794cd1f8 76ba0a1c  
I/DEBUG   (  260):     76ba0a0c 76f61e60 00000006 79474510 76ba0a7c  
I/DEBUG   (  260):     76ba0a1c 76f63774 00000000 79474510 77367dc8  
I/DEBUG   (  260):     76ba0a2c 7736d780 7288ef3c 72bee180 76ba0a9c  
I/DEBUG   (  260):     76ba0a3c 77247a94 79474510 77367dc8 79474510  
I/DEBUG   (  260):     76ba0a4c 76ba0a54 00000000 79474510 00000006  
I/DEBUG   (  260):     76ba0a5c 00000000 00000006 00000000 77373b80  
I/DEBUG   (  260):     76ba0a6c 35e43c8b 77373b80 72bee170 76ba0a9c  
I/DEBUG   (  260):     76ba0a7c 76e6ecec 7288ef44 72864728 7288ef3c  
I/DEBUG   (  260):     76ba0a8c 0100e180 76ba0aec 6d994380 76ba0aec  
I/DEBUG   (  260):     76ba0a9c 76e6ce34 00000002 72864728 794ce21c  
I/DEBUG   (  260):     76ba0aac 794ce22c 426e29d0 6d994428 72bee170  
I/DEBUG   (  260):     76ba0abc 00000000 76ba0ae4 76f80fb4 fffffe60  
I/DEBUG   (  260):     76ba0acc 426c9004 426c9000 725a6b48 416bcc1c  
I/DEBUG   (  260):     76ba0adc 4164c309 76ba0b04 7712f620 76ba0afc  
I/DEBUG   (  260):     76ba0aec 76e6fd4c 6f5a72d8 72864728 76ba0b0c  
I/DEBUG   (  260): 
I/DEBUG   (  260): memory near sp:
I/DEBUG   (  260):     76ba09f0 76ba0a04 79506be0 794cd1fc 794cd1fc  
I/DEBUG   (  260):     76ba0a00 79506d4c 794cd1f8 76ba0a1c 76f61e60  
I/DEBUG   (  260):     76ba0a10 00000006 79474510 76ba0a7c 76f63774  
I/DEBUG   (  260):     76ba0a20 00000000 79474510 77367dc8 7736d780  
I/DEBUG   (  260):     76ba0a30 7288ef3c 72bee180 76ba0a9c 77247a94  
I/DEBUG   (  260):     76ba0a40 79474510 77367dc8 79474510 76ba0a54  
I/DEBUG   (  260):     76ba0a50 00000000 79474510 00000006 00000000  
I/DEBUG   (  260):     76ba0a60 00000006 00000000 77373b80 35e43c8b  
I/DEBUG   (  260):     76ba0a70 77373b80 72bee170 76ba0a9c 76e6ecec  
I/DEBUG   (  260):     76ba0a80 7288ef44 72864728 7288ef3c 0100e180  
I/DEBUG   (  260):     76ba0a90 76ba0aec 6d994380 76ba0aec 76e6ce34  
I/DEBUG   (  260):     76ba0aa0 00000002 72864728 794ce21c 794ce22c  
I/DEBUG   (  260):     76ba0ab0 426e29d0 6d994428 72bee170 00000000  
I/DEBUG   (  260):     76ba0ac0 76ba0ae4 76f80fb4 fffffe60 426c9004  
I/DEBUG   (  260):     76ba0ad0 426c9000 725a6b48 416bcc1c 4164c309  
I/DEBUG   (  260):     76ba0ae0 76ba0b04 7712f620 76ba0afc 76e6fd4c  
I/DEBUG   (  260): 
I/DEBUG   (  260): code around pc:
I/DEBUG   (  260):     00000000 ffffffff ffffffff ffffffff ffffffff  
I/DEBUG   (  260):     00000010 ffffffff ffffffff ffffffff ffffffff  
I/DEBUG   (  260):     00000020 ffffffff ffffffff ffffffff ffffffff  
I/DEBUG   (  260):     00000030 ffffffff ffffffff ffffffff ffffffff  
I/DEBUG   (  260):     00000040 ffffffff ffffffff ffffffff ffffffff  
I/DEBUG   (  260):     00000050 ffffffff ffffffff ffffffff ffffffff  
I/DEBUG   (  260):     00000060 ffffffff ffffffff ffffffff ffffffff  
I/DEBUG   (  260):     00000070 ffffffff ffffffff ffffffff ffffffff  
I/DEBUG   (  260):     00000080 ffffffff ffffffff ffffffff ffffffff  
I/DEBUG   (  260):     00000090 ffffffff ffffffff ffffffff ffffffff  
I/DEBUG   (  260):     000000a0 ffffffff ffffffff ffffffff ffffffff  
I/DEBUG   (  260):     000000b0 ffffffff ffffffff ffffffff ffffffff  
I/DEBUG   (  260):     000000c0 ffffffff ffffffff ffffffff ffffffff  
I/DEBUG   (  260):     000000d0 ffffffff ffffffff ffffffff ffffffff  
I/DEBUG   (  260):     000000e0 ffffffff ffffffff ffffffff ffffffff  
I/DEBUG   (  260):     000000f0 ffffffff ffffffff ffffffff ffffffff  
I/DEBUG   (  260): 
I/DEBUG   (  260): code around lr:
I/DEBUG   (  260):     76f61e64 e59331cc e5933000 e2833e16 e5933000  
I/DEBUG   (  260):     76f61e74 e51b2008 e59221cc e1a00002 e12fff33  
I/DEBUG   (  260):     76f61e84 e24bd004 e8bd8800 e92d4800 e28db004  
I/DEBUG   (  260):     76f61e94 e24dd008 e50b0008 e51b3008 e1a00003  
I/DEBUG   (  260):     76f61ea4 ebfe1f16 e51b3008 e593319c e1a00003  
I/DEBUG   (  260):     76f61eb4 e3a01001 ebfc7245 e51b3008 e59331d0  
I/DEBUG   (  260):     76f61ec4 e5933000 e2833f5a e5933000 e51b2008  
I/DEBUG   (  260):     76f61ed4 e59221d0 e1a00002 e12fff33 e51b3008  
I/DEBUG   (  260):     76f61ee4 e59331cc e5933000 e2833f59 e5933000  
I/DEBUG   (  260):     76f61ef4 e51b2008 e59221cc e1a00002 e12fff33  
I/DEBUG   (  260):     76f61f04 e24bd004 e8bd8800 e92d4800 e28db004  
I/DEBUG   (  260):     76f61f14 e24dd008 e50b0008 e51b3008 e1a00003  
I/DEBUG   (  260):     76f61f24 ebfe189d e51b3008 e5d331d9 e3530000  
I/DEBUG   (  260):     76f61f34 0a000008 e51b3008 e59331d0 e5933000  
I/DEBUG   (  260):     76f61f44 e2833e17 e5933000 e51b2008 e59221d0  
I/DEBUG   (  260):     76f61f54 e1a00002 e12fff33 e24bd004 e8bd8800  
I/DEBUG   (  260): !@dumpstate -k -t -z -d -o /data/log/dumpstate_app_native -m 9807
I/BootReceiver(  841): Copying /data/tombstones/tombstone_07 to DropBox (SYSTEM_TOMBSTONE)
W/ActivityManager(  841):   Force finishing activity com.shupeifei.www/org.cocos2dx.cpp.AppActivity
I/dumpstate( 9870): begin
V/SmartFaceService - 3rd party pause(  841): onReceive [android.intent.action.ACTIVITY_STATE/com.shupeifei.www/pause]
I/dumpstate( 9877): begin
I/dumpstate( 9877): dumpstate is still running
I/BootReceiver(  841): Notify a SYSTEM_TOMBSTONE FilePath:tombstone_07
I/SpenGestureManager(  841): setFocusWindow0
D/EnterpriseDeviceManager(  841): ContainerId: 0
V/WindowOrientationListener(  841): mSContextAutoRotationListener.getProposedRotation, mbResultFaceDectection: false
V/WindowOrientationListener(  841): mSContextAutoRotationListener.getProposedRotation, Rotation: -1
V/WindowOrientationListener(  841): mSContextAutoRotationListener.getProposedRotation, mbResultFaceDectection: false
V/WindowOrientationListener(  841): mSContextAutoRotationListener.getProposedRotation, Rotation: -1
D/PointerIcon(  841): setMouseIconStyle1 pointerType: 1001iconType:101 flag:0
D/PointerIcon(  841): setMouseCustomIcon IconType is same.101
D/PointerIcon(  841): setHoveringSpenIconStyle1 pointerType: 10001iconType:1 flag:0
D/PointerIcon(  841): setHoveringSpenCustomIcon IconType is same.1
W/ContextImpl(  841): Calling a method in the system process without a qualified user: android.app.ContextImpl.sendBroadcast:1492 android.content.ContextWrapper.sendBroadcast:377 android.content.ContextWrapper.sendBroadcast:377 com.android.server.BootReceiver$2.onEvent:331 android.os.FileObserver$ObserverThread.onEvent:125 
D/STATUSBAR-StatusBarManagerService(  841): manageDisableList what=0x0 pkg=WindowManager.LayoutParams
V/WindowManager(  841): rotationForOrientationLw(orient=-1, last=0); user=0  sensorRotation=-1 mLidState=-1 mDockMode=0 mHdmiPlugged=false mAccelerometerDefault=false gripRotationLock=false
I/SurfaceFlinger(  271): id=674 createSurf (1x1),1 flag=4, xww
W/ContextImpl(  841): Calling a method in the system process without a qualified user: android.app.ContextImpl.sendBroadcast:1492 com.android.internal.policy.impl.PhoneWindowManager.notifyToSSRM:5864 com.android.internal.policy.impl.PhoneWindowManager.access$200:183 com.android.internal.policy.impl.PhoneWindowManager$PolicyHandler.handleMessage:727 android.os.Handler.dispatchMessage:102 
D/CrashAnrDetector(  841): Build: samsung/h3gduosctc/hlte:4.4.2/KOT49H/N9009KEU2ENF1:user/release-keys
D/CrashAnrDetector(  841): Hardware: MSM8674
D/CrashAnrDetector(  841): Revision: 8
D/CrashAnrDetector(  841): Bootloader: N9009KEU2ENF1
D/CrashAnrDetector(  841): Radio: unknown
D/CrashAnrDetector(  841): Kernel: Linux version 3.4.0-1324431 (dpi@SWDD5620) (gcc version 4.7 (GCC) ) #1 SMP PREEMPT Thu Jun 5 17:15:25 KST 2014
D/CrashAnrDetector(  841): 
D/CrashAnrDetector(  841): *** *** *** *** *** *** *** *** *** *** *** *** *** *** *** ***
D/CrashAnrDetector(  841): Build fingerprint: 'samsung/h3gduosctc/hlte:4.4.2/KOT49H/N9009KEU2ENF1:user/release-keys'
D/CrashAnrDetector(  841): Revision: '8'
D/CrashAnrDetector(  841): pid: 9807, tid: 9821, name: Thread-4165  >>> com.shupeifei.www <<<
D/CrashAnrDetector(  841): signal 11 (SIGSEGV), code 1 (SEGV_MAPERR), fault addr 00000000
D/CrashAnrDetector(  841):     r0 79508ec0  r1 76ba09fc  r2 79508ec0  r3 00000000
D/CrashAnrDetector(  841):     r4 77373b80  r5 72bee170  r6 00000000  r7 7288ef44
D/CrashAnrDetector(  841):     r8 76ba0b10  r9 7288ef3c  sl 72bee180  fp 76ba0a1c
D/CrashAnrDetector(  841):     ip 00000006  sp 76ba0a10  lr 76f61e84  pc 00000000  cpsr 800f0010
D/CrashAnrDetector(  841):     d0  0000000000000000  d1  0000000000000000
D/CrashAnrDetector(  841):     d2  0000000000000000  d3  0000000000000000
D/CrashAnrDetector(  841):     d4  fe8000003f000001  d5  000122e800000000
D/CrashAnrDetector(  841):     d6  0000000000000000  d7  00000000000022ec
D/CrashAnrDetector(  841):     d8  0000000000000000  d9  0000000000000000
D/CrashAnrDetector(  841):     d10 0000000000000000  d11 0000000000000000
D/CrashAnrDetector(  841):     d12 0000000000000000  d13 0000000000000000
D/CrashAnrDetector(  841):     d14 0000000000000000  d15 0000000000000000
D/CrashAnrDetector(  841):     d16 4407000044070000  d17 44700000c4700000
D/CrashAnrDetector(  841):     d18 3efffee03efffee0  d19 0000043800000000
D/CrashAnrDetector(  841):     d20 0000078000000000  d21 0000043800000000
D/CrashAnrDetector(  841):     d22 0000078000000000  d23 0000043800000000
D/CrashAnrDetector(  841):     d24 3f812733d1434f77  d25 bf56bfac8f086ef8
D/CrashAnrDetector(  841):     d26 bfc5530bd67dae6c  d27 3f811110896efbb2
D/CrashAnrDetector(  841):     d28 3f1263ae29f301be  d29 3ef99342e0ee5069
D/CrashAnrDetector(  841):     d30 bf2a003650d42168  d31 3f812733d1434f77
D/CrashAnrDetector(  841):     scr 60000012
D/CrashAnrDetector(  841): 
D/CrashAnrDetector(  841): backtrace:
D/CrashAnrDetector(  841):     #00  pc 00000000  <unknown>
D/CrashAnrDetector(  841):     #01  pc 003c0e80  /data/app-lib/com.shupeifei.www-1/libcocos2dcpp.so (cocos2d::TransitionScene::onEnter()+116)
D/CrashAnrDetector(  841):     #02  pc 003c2770  /data/app-lib/com.shupeifei.www-1/libcocos2dcpp.so (cocos2d::TransitionSlideInL::onEnter()+48)
D/CrashAnrDetector(  841):     #03  pc 002cdce8  /data/app-lib/com.shupeifei.www-1/libcocos2dcpp.so (cocos2d::Director::setNextScene()+504)
D/CrashAnrDetector(  841):     #04  pc 002cbe30  /data/app-lib/com.shupeifei.www-1/libcocos2dcpp.so (cocos2d::Director::drawScene()+216)
D/CrashAnrDetector(  841):     #05  pc 002ced48  /data/app-lib/com.shupeifei.www-1/libcocos2dcpp.so (cocos2d::DisplayLinkDirector::mainLoop()+92)
D/CrashAnrDetector(  841):     #06  pc 0058d724  /data/app-lib/com.shupeifei.www-1/libcocos2dcpp.so (Java_org_cocos2dx_lib_Cocos2dxRenderer_nativeRender+40)
D/CrashAnrDetector(  841):     #07  pc 00020b8c  /system/lib/libdvm.so (dvmPlatformInvoke+112)
D/CrashAnrDetector(  841):     #08  pc 000518e7  /system/lib/libdvm.so (dvmCallJNIMethod(unsigned int const*, JValue*, Method const*, Thread*)+398)
D/CrashAnrDetector(  841):     #09  pc 0002a020  /system/lib/libdvm.so
D/CrashAnrDetector(  841):     #10  pc 000314d0  /system/lib/libdvm.so (dvmMterpStd(Thread*)+76)
D/CrashAnrDetector(  841):     #11  pc 0002eb68  /system/lib/libdvm.so (dvmInterpret(Thread*, Method const*, JValue*)+184)
D/CrashAnrDetector(  841):     #12  pc 00063e35  /system/lib/libdvm.so (dvmCallMethodV(Thread*, Method const*, Object*, bool, JValue*, std::__va_list)+336)
D/CrashAnrDetector(  841):     #13  pc 00063e59  /system/lib/libdvm.so (dvmCallMethod(Thread*, Method const*, Object*, JValue*, ...)+20)
D/CrashAnrDetector(  841):     #14  pc 00058b2b  /system/lib/libdvm.so
D/CrashAnrDetector(  841):     #15  pc 0000d298  /system/lib/libc.so (__thread_entry+72)
D/CrashAnrDetector(  841):     #16  pc 0000d430  /system/lib/libc.so (pthread_create+240)
D/CrashAnrDetector(  841): 
D/CrashAnrDetector(  841): stack:
D/CrashAnrDetector(  841):          76ba09d0  00000000  
D/CrashAnrDetector(  841):          76ba09d4  76ba09ec  [stack:9821]
D/CrashAnrDetector(  841):          76ba09d8  76ba09fc  [stack:9821]
D/CrashAnrDetector(  841):          76ba09dc  76ba09f8  [stack:9821]
D/CrashAnrDetector(  841):          76ba09e0  79503ad4  
D/CrashAnrDetector(  841):          76ba09e4  77373b80  /data/app-lib/com.shupeifei.www-1/libcocos2dcpp.so
D/CrashAnrDetector(  841):          76ba09e8  76ba0a0c  [stack:9821]
D/CrashAnrDetector(  841):          76ba09ec  76ee9ad4  /data/app-lib/com.shupeifei.www-1/libcocos2dcpp.so (cocos2d::Node::onExitTransitionDidStart()+192)
D/CrashAnrDetector(  841):          76ba09f0  76ba0a04  [stack:9821]
D/CrashAnrDetector(  841):          76ba09f4  79506be0  
D/CrashAnrDetector(  841):          76ba09f8  794cd1fc  
D/CrashAnrDetector(  841):          76ba09fc  794cd1fc  
D/CrashAnrDetector(  841):          76ba0a00  79506d4c  
D/CrashAnrDetector(  841):          76ba0a04  794cd1f8  
D/CrashAnrDetector(  841):          76ba0a08  76ba0a1c  [stack:9821]
D/CrashAnrDetector(  841):          76ba0a0c  76f61e60  /data/app-lib/com.shupeifei.www-1/libcocos2dcpp.so (cocos2d::TransitionScene::onEnter()+84)
D/CrashAnrDetector(  841):     #00  76ba0a10  00000006  
D/CrashAnrDetector(  841):          ........  ........
D/CrashAnrDetector(  841):     #01  76ba0a10  00000006  
D/CrashAnrDetector(  841):          76ba0a14  79474510  
D/CrashAnrDetector(  841):          76ba0a1
D/CrashAnrDetector(  841): processName:com.shupeifei.www
D/CrashAnrDetector(  841): broadcastEvent : com.shupeifei.www SYSTEM_TOMBSTONE
W/ContextImpl(  841): Calling a method in the system process without a qualified user: android.app.ContextImpl.sendBroadcast:1506 com.android.server.analytics.data.collection.application.CrashAnrDetector.broadcastEvent:296 com.android.server.analytics.data.collection.application.CrashAnrDetector.processDropBoxEntry:254 com.android.server.analytics.data.collection.application.CrashAnrDetector.access$100:60 com.android.server.analytics.data.collection.application.CrashAnrDetector$1.onReceive:102 
D/SSRMv2:AirViewOnOff(  841): DeviceInfo:: 00000010000
D/SSRMv2:AirViewOnOff(  841): SettingsAirViewInfo:: 010100000
D/dalvikvm( 4283): GC_CONCURRENT freed 2295K, 32% free 17396K/25272K, paused 2ms+4ms, total 28ms
E/android.os.Debug(  841): !@Dumpstate > dumpstate -k -t -z -d -o /data/log/dumpstate_app_error
I/dumpstate( 9880): begin
I/dumpstate( 9880): dumpstate is still running
D/CustomFrequencyManagerService(  841): acquireDVFSLockLocked : type : DVFS_MIN_LIMIT  frequency : 1958400  uid : 1000  pid : 841  pkgName : ACTIVITY_RESUME_BOOSTER@6
V/WindowOrientationListener(  841): mSContextAutoRotationListener.getProposedRotation, mbResultFaceDectection: false
V/WindowOrientationListener(  841): mSContextAutoRotationListener.getProposedRotation, Rotation: -1
V/WindowOrientationListener(  841): mSContextAutoRotationListener.getProposedRotation, mbResultFaceDectection: false
V/WindowOrientationListener(  841): mSContextAutoRotationListener.getProposedRotation, Rotation: -1
W/ActivityManager(  841): mDVFSHelper.acquire()
V/WindowManager(  841): rotationForOrientationLw(orient=1, last=0); user=0  sensorRotation=-1 mLidState=-1 mDockMode=0 mHdmiPlugged=false mAccelerometerDefault=false gripRotationLock=false
D/SurfaceWidgetView( 1230): destroyHardwareResources():1131497832
D/Launcher( 1230): onRestart, Launcher: 1114735072
D/Launcher( 1230): onStart, Launcher: 1114735072
D/Launcher.HomeView( 1230): onStart
D/Launcher( 1230): onResume, Launcher: 1114735072
D/Launcher.HomeView( 1230): onResume
D/PhoneStatusBar( 7724): setSemiTransparentMode=false, mTransparentMode=false, mSemiTransparentMode=false, mMultiWindowMode=false
D/PhoneStatusBar( 7724): checkBarMode(0)
D/MenuAppsGridFragment( 1230): onResume
D/AbsListView( 1230): onVisibilityChanged() is called, visibility : 0
D/AbsListView( 1230): unregisterIRListener() is called 
D/AbsListView( 1230): onVisibilityChanged() is called, visibility : 0
D/AbsListView( 1230): unregisterIRListener() is called 
D/AbsListView( 1230): onVisibilityChanged() is called, visibility : 0
D/AbsListView( 1230): unregisterIRListener() is called 
D/AbsListView( 1230): onVisibilityChanged() is called, visibility : 0
D/AbsListView( 1230): unregisterIRListener() is called 
D/AbsListView( 1230): onVisibilityChanged() is called, visibility : 0
D/AbsListView( 1230): unregisterIRListener() is called 
D/AbsListView( 1230): onVisibilityChanged() is called, visibility : 0
D/AbsListView( 1230): unregisterIRListener() is called 
D/AbsListView( 1230): onVisibilityChanged() is called, visibility : 0
D/AbsListView( 1230): unregisterIRListener() is called 
D/AbsListView( 1230): onVisibilityChanged() is called, visibility : 0
D/AbsListView( 1230): unregisterIRListener() is called 
D/AbsListView( 1230): onVisibilityChanged() is called, visibility : 0
D/AbsListView( 1230): unregisterIRListener() is called 
D/AbsListView( 1230): onVisibilityChanged() is called, visibility : 0
D/AbsListView( 1230): unregisterIRListener() is called 
D/SurfaceWidgetClient$ISurfaceWidgetStub( 1788): [123491/16] Surface widget visibility changed visibility = true on instance = 1
D/SurfaceWidget.Renderer( 1788): [123491/16] SurfaceWidget drawing first frame
D/cmaweather( 1788): [Cmaweather J]>>> WR:641 [0:0] onGLDraw : BG texture = 9
D/StatusBarManagerService(  841): semi p:1230,o:f
V/SmartFaceService - 3rd party pause(  841): onReceive [android.intent.action.ACTIVITY_STATE/com.sec.android.app.launcher/resume]
