I/MultiWindowTrayService( 1662): mHomeResumeReceiver : onReceive
I/Sally Service( 1662): removeWindow window
I/SurfaceFlinger(  271): id=675 createSurf (1080x1920),1 flag=4, Mauncher
D/Mms/UIEventReceiver( 8846): ui event
W/ContextImpl( 9327): Implicit intents with startService are not safe: Intent { act=com.sec.android.app.controlpanel.service.REMOTE_SERVICE (has extras) } android.content.ContextWrapper.startService:506 com.sec.android.widgetapp.activeapplicationwidget.ProgramMonitorProvider.startWidgetsUpdating:204 com.sec.android.widgetapp.activeapplicationwidget.ProgramMonitorProvider.onReceive:318 
V/TaskCloserActivity( 9327): TaskCloserActivity onReceive() - com.sec.android.intent.action.HOME_RESUME
D/STATUSBAR-StatusBarManagerService(  841): manageDisableList what=0x0 pkg=WindowManager.LayoutParams
D/PhoneStatusBar( 7724): checkBarMode(2)
D/EnterpriseDeviceManager(  841): ContainerId: 0
D/PhoneStatusBar( 7724): Status bar WINDOW_STATE_SHOWING
D/cell strength( 1172): ===== cell singal strength changed : -1
D/STATUSBAR-NetworkController_dual( 7724): onSignalStrengthsChanged signalStrength=SignalStrength: 99 -1 -120 -160 -120 -1 -1 99 2147483647 2147483647 2147483647 -1 2147483647 cdma 0x0 level=0 simslot=0
D/SignalClusterView_dual( 7724): wifi: VISIBLE sig=2130838285 act=2130838245
D/SignalClusterView_dual( 7724): SIM0 DATA_CONNECTED mMobileTypeId1=0,mMobileActivityId1=0
D/SignalClusterView_dual( 7724): mMobileDataState=-1 mMobileDataState2=-1
D/SignalClusterView_dual( 7724): apply() CTC
D/SignalClusterView_dual( 7724): apply() mSeparateMobileGroup=8
D/StatusBar.NetworkController_dual( 7724): refreshSignalCluster() : simActive1=1, simActive2=1
D/StatusBar.NetworkController_dual( 7724): refreshSignalCluster() : phoneSignalIconId[0] = 2130838562
D/StatusBar.NetworkController_dual( 7724): refreshSignalCluster() : phoneSignalIconId[1] = 2130838178
D/StatusBar.NetworkController_dual( 7724): refreshSignalCluster() : dataSignalIconId[0] = 2130838562
D/StatusBar.NetworkController_dual( 7724): refreshSignalCluster() : dataSignalIconId[1] = 2130838178
D/StatusBar.NetworkController_dual( 7724): refreshSignalCluster() : mSim[0].mDataTypeIconId = 0
D/StatusBar.NetworkController_dual( 7724): refreshSignalCluster() : mSim[1].mDataTypeIconId = 0
D/StatusBar.NetworkController_dual( 7724): refreshSignalCluster() : mobileActivityIconId[0] = 0
D/StatusBar.NetworkController_dual( 7724): refreshSignalCluster() : mobileActivityIconId[1] = 0
D/StatusBar.NetworkController_dual( 7724): refreshSignalCluster() : mSimMode = 
D/StatusBar.NetworkController_dual( 7724): refreshSignalCluster() : mSim[0].mDataTypeIconId = 0
D/StatusBar.NetworkController_dual( 7724): refreshSignalCluster() : mSim[1].mDataTypeIconId = 0
D/StatusBar.NetworkController_dual( 7724): refreshSignalCluster() : phoneSignalIconId[0] = 2130838562
D/StatusBar.NetworkController_dual( 7724): refreshSignalCluster() : phoneSignalIconId[1] = 2130838178
D/StatusBar.NetworkController_dual( 7724): refreshSignalCluster() : dataSignalIconId[0] = 2130838562
D/StatusBar.NetworkController_dual( 7724): refreshSignalCluster() : dataSignalIconId[1] = 2130838178
D/StatusBar.NetworkController_dual( 7724): refreshSignalCluster() : mobileActivityIconId[0] = 0
D/StatusBar.NetworkController_dual( 7724): refreshSignalCluster() : mobileActivityIconId[1] = 0
D/StatusBar.NetworkController_dual( 7724): refreshSignalCluster() : mSim[0].mMobileActivityIconId = 0
D/StatusBar.NetworkController_dual( 7724): refreshSignalCluster() : mSim[1].mMobileActivityIconId = 0
D/SignalClusterView_dual( 7724): wifi: VISIBLE sig=2130838285 act=2130838245
D/SignalClusterView_dual( 7724): SIM0 DATA_CONNECTED mMobileTypeId1=0,mMobileActivityId1=0
D/SignalClusterView_dual( 7724): mMobileDataState=-1 mMobileDataState2=-1
D/SignalClusterView_dual( 7724): apply() CTC
D/SignalClusterView_dual( 7724): apply() mSeparateMobileGroup=8
D/SignalClusterView_dual( 7724): wifi: VISIBLE sig=2130838285 act=2130838245
D/SignalClusterView_dual( 7724): SIM0 DATA_CONNECTED mMobileTypeId1=0,mMobileActivityId1=0
D/SignalClusterView_dual( 7724): mMobileDataState=-1 mMobileDataState2=-1
D/SignalClusterView_dual( 7724): apply() CTC
D/SignalClusterView_dual( 7724): apply() mSeparateMobileGroup=8
D/SignalClusterView_dual( 7724): wifi: VISIBLE sig=2130838285 act=2130838245
D/SignalClusterView_dual( 7724): SIM0 DATA_CONNECTED mMobileTypeId1=0,mMobileActivityId1=0
D/SignalClusterView_dual( 7724): mMobileDataState=-1 mMobileDataState2=-1
D/SignalClusterView_dual( 7724): apply() CTC
D/SignalClusterView_dual( 7724): apply() mSeparateMobileGroup=8
D/StatusBar.NetworkController_dual( 7724): CTC mMobileLabelViews start
D/StatusBar.NetworkController_dual( 7724): mMobileLabelViews set getSimName(SIM_0) =Slot 1
D/StatusBar.NetworkController_dual( 7724): mMobileLabelViews GONE
D/StatusBar.NetworkController_dual( 7724): mMobileLabelViews2 set getSimName(SIM_1) =Slot 2
D/StatusBar.NetworkController_dual( 7724): mMobileLabelViews2 GONE
D/STATUSBAR-IconMerger( 7724): checkOverflow(576), More:false, Req:false Child:3
D/CustomFrequencyManagerService(  841): releaseDVFSLockLocked : Getting Lock type frm List : DVFS_MIN_LIMIT  frequency : 1958400  uid : 1000  pid : 841  tag : ACTIVITY_RESUME_BOOSTER@6
W/ActivityManager(  841): mDVFSHelper.release()
D/CustomFrequencyManagerService(  841): acquireDVFSLockLocked : type : DVFS_MIN_LIMIT  frequency : 1958400  uid : 1000  pid : 841  pkgName : ACTIVITY_RESUME_BOOSTER@9
E/SMD     (  262): DCD ON
D/CustomFrequencyManagerService(  841): releaseDVFSLockLocked : Getting Lock type frm List : DVFS_MIN_LIMIT  frequency : 1958400  uid : 1000  pid : 841  tag : ACTIVITY_RESUME_BOOSTER@9
D/InputReader(  841): Input event: value=1
I/InputReader(  841): Touch event's action is 0x0 (deviceType=0) [pCnt=1, s=0.394 ] when=78948126773000
I/InputDispatcher(  841): Delivering touch to: action: 0x4, toolType: 1
I/InputDispatcher(  841): Delivering touch to: action: 0x0, toolType: 1
D/InputReader(  841): Input event: value=0
I/InputReader(  841): Touch event's action is 0x1 (deviceType=0) [pCnt=1, s=] when=78948175854000
I/InputDispatcher(  841): Delivering touch to: action: 0x1, toolType: 1
I/SpenGestureManager(  841): setFocusWindow21065
D/EnterpriseDeviceManager(  841): ContainerId: 0
D/PointerIcon(  841): setMouseIconStyle1 pointerType: 1001iconType:101 flag:0
D/PointerIcon(  841): setMouseCustomIcon IconType is same.101
D/PointerIcon(  841): setHoveringSpenIconStyle1 pointerType: 10001iconType:1 flag:0
D/PointerIcon(  841): setHoveringSpenCustomIcon IconType is same.1
E/ViewRootImpl(  841): sendUserActionEvent() mView == null
D/AbsListView( 1230): unregisterIRListener() is called 
D/AbsListView( 1230): unregisterIRListener() is called 
D/AbsListView( 1230): unregisterIRListener() is called 
D/AbsListView( 1230): unregisterIRListener() is called 
D/AbsListView( 1230): unregisterIRListener() is called 
D/AbsListView( 1230): unregisterIRListener() is called 
D/AbsListView( 1230): unregisterIRListener() is called 
D/AbsListView( 1230): unregisterIRListener() is called 
D/AbsListView( 1230): unregisterIRListener() is called 
D/AbsListView( 1230): unregisterIRListener() is called 
E/EnterpriseContainerManager(  841): ContainerPolicy Service is not yet ready!!!
D/EnterpriseDeviceManager(  841): ContainerId: 0
W/LicenseLogService(  841): log() failed
D/STATUSBAR-StatusBarManagerService(  841): manageDisableList what=0x0 pkg=WindowManager.LayoutParams
D/SamsungIME( 4930): onStartInput  ccontentType: 0 Restarting:false
W/ContextImpl(  841): Calling a method in the system process without a qualified user: android.app.ContextImpl.sendBroadcast:1492 com.android.server.InputMethodManagerService$4.run:2804 java.lang.Thread.run:841 <bottom of call stack> <bottom of call stack> 
D/dalvikvm( 4204): GC_CONCURRENT freed 2022K, 40% free 14703K/24132K, paused 2ms+1ms, total 14ms
I/SurfaceFlinger(  271): id=674 Removed xww (22/24)
I/SurfaceFlinger(  271): id=674 Removed xww (-2/24)
D/dalvikvm( 4204): GC_CONCURRENT freed 2056K, 40% free 14679K/24132K, paused 2ms+1ms, total 12ms
D/dalvikvm( 4204): WAIT_FOR_CONCURRENT_GC blocked 3ms
E/EnterpriseContainerManager(  841): ContainerPolicy Service is not yet ready!!!
D/EnterpriseDeviceManager(  841): ContainerId: 0
E/EnterpriseContainerManager(  841): ContainerPolicy Service is not yet ready!!!
D/EnterpriseDeviceManager(  841): ContainerId: 0
E/EnterpriseContainerManager(  841): ContainerPolicy Service is not yet ready!!!
D/EnterpriseDeviceManager(  841): ContainerId: 0
E/EnterpriseContainerManager(  841): ContainerPolicy Service is not yet ready!!!
D/EnterpriseDeviceManager(  841): ContainerId: 0
E/EnterpriseContainerManager(  841): ContainerPolicy Service is not yet ready!!!
D/EnterpriseDeviceManager(  841): ContainerId: 0
E/EnterpriseContainerManager(  841): ContainerPolicy Service is not yet ready!!!
D/EnterpriseDeviceManager(  841): ContainerId: 0
E/EnterpriseContainerManager(  841): ContainerPolicy Service is not yet ready!!!
D/EnterpriseDeviceManager(  841): ContainerId: 0
E/EnterpriseContainerManager(  841): ContainerPolicy Service is not yet ready!!!
D/EnterpriseDeviceManager(  841): ContainerId: 0
E/EnterpriseContainerManager(  841): ContainerPolicy Service is not yet ready!!!
D/EnterpriseDeviceManager(  841): ContainerId: 0
E/EnterpriseContainerManager(  841): ContainerPolicy Service is not yet ready!!!
D/EnterpriseDeviceManager(  841): ContainerId: 0
E/EnterpriseContainerManager(  841): ContainerPolicy Service is not yet ready!!!
D/EnterpriseDeviceManager(  841): ContainerId: 0
E/EnterpriseContainerManager(  841): ContainerPolicy Service is not yet ready!!!
D/EnterpriseDeviceManager(  841): ContainerId: 0
E/EnterpriseContainerManager(  841): ContainerPolicy Service is not yet ready!!!
D/EnterpriseDeviceManager(  841): ContainerId: 0
E/EnterpriseContainerManager(  841): ContainerPolicy Service is not yet ready!!!
D/EnterpriseDeviceManager(  841): ContainerId: 0
D/dalvikvm( 4204): GC_CONCURRENT freed 2034K, 40% free 14687K/24132K, paused 2ms+1ms, total 17ms
D/dalvikvm( 4204): WAIT_FOR_CONCURRENT_GC blocked 11ms
E/EnterpriseContainerManager(  841): ContainerPolicy Service is not yet ready!!!
D/EnterpriseDeviceManager(  841): ContainerId: 0
E/EnterpriseContainerManager(  841): ContainerPolicy Service is not yet ready!!!
D/EnterpriseDeviceManager(  841): ContainerId: 0
E/EnterpriseContainerManager(  841): ContainerPolicy Service is not yet ready!!!
D/EnterpriseDeviceManager(  841): ContainerId: 0
E/EnterpriseContainerManager(  841): ContainerPolicy Service is not yet ready!!!
D/EnterpriseDeviceManager(  841): ContainerId: 0
E/EnterpriseContainerManager(  841): ContainerPolicy Service is not yet ready!!!
D/EnterpriseDeviceManager(  841): ContainerId: 0
E/EnterpriseContainerManager(  841): ContainerPolicy Service is not yet ready!!!
D/EnterpriseDeviceManager(  841): ContainerId: 0
E/EnterpriseContainerManager(  841): ContainerPolicy Service is not yet ready!!!
D/EnterpriseDeviceManager(  841): ContainerId: 0
E/EnterpriseContainerManager(  841): ContainerPolicy Service is not yet ready!!!
D/EnterpriseDeviceManager(  841): ContainerId: 0
E/EnterpriseContainerManager(  841): ContainerPolicy Service is not yet ready!!!
D/EnterpriseDeviceManager(  841): ContainerId: 0
E/EnterpriseContainerManager(  841): ContainerPolicy Service is not yet ready!!!
D/EnterpriseDeviceManager(  841): ContainerId: 0
E/EnterpriseContainerManager(  841): ContainerPolicy Service is not yet ready!!!
D/EnterpriseDeviceManager(  841): ContainerId: 0
E/EnterpriseContainerManager(  841): ContainerPolicy Service is not yet ready!!!
D/EnterpriseDeviceManager(  841): ContainerId: 0
E/EnterpriseContainerManager(  841): ContainerPolicy Service is not yet ready!!!
D/EnterpriseDeviceManager(  841): ContainerId: 0
E/EnterpriseContainerManager(  841): ContainerPolicy Service is not yet ready!!!
D/EnterpriseDeviceManager(  841): ContainerId: 0
V/TaskCloserActivity( 9327): TaskCloserActivity onReceive() - com.sec.android.app.controlpanel.service.RUNNING_COUNT
V/TaskCloserActivity( 9327): TaskCloserActivity onReceive() - com.sec.android.app.controlpanel.service.CHECK_PROCESS
W/ProcessCpuTracker(  841): Skipping unknown process pid 9865
W/ProcessCpuTracker(  841): Skipping unknown process pid 9868
